// Jest Snapshot v1, https://goo.gl/fbAQLP

exports[`Row renders component 1`] = `
<div>
  <span>
    Test
  </span>
</div>
`;
