// Jest Snapshot v1, https://goo.gl/fbAQLP

exports[`App renders base setup 1`] = `
<PartsProvider>
  <PartA />
</PartsProvider>
`;
