// Jest Snapshot v1, https://goo.gl/fbAQLP

exports[`ControlRowHeader renders component 1`] = `
<div>
  <UNDEFINED
    deviation="Dev"
    deviationOutTotal="Dev Out Tol"
    name="Control"
  />
</div>
`;
